A51 MACRO ASSEMBLER  MULTIPLY                                                             02/24/2023 16:21:38 PAGE     1


MACRO ASSEMBLER A51 V8.2.7.0
OBJECT MODULE PLACED IN .\Objects\Multiply.obj
ASSEMBLER INVOKED BY: E:\Software Installation\C51\BIN\A51.EXE Multiply.a51 SET(SMALL) DEBUG PRINT(.\Listings\Multiply.l
                      st) OBJECT(.\Objects\Multiply.obj) EP

LOC  OBJ            LINE     SOURCE

0000                   1     ORG 00H
0000 752108            2             MOV 21H,#08H
0003 752207            3             MOV 22H,#07H
0006 E521              4             MOV A,21H
0008 8522F0            5             MOV B,22H
000B A4                6             MUL AB
000C F523              7             MOV 23H,A
000E 85F024            8             MOV 24H,B
                       9     END
A51 MACRO ASSEMBLER  MULTIPLY                                                             02/24/2023 16:21:38 PAGE     2

SYMBOL TABLE LISTING
------ ----- -------


N A M E             T Y P E  V A L U E   ATTRIBUTES

B. . . . . . . . .  D ADDR   00F0H   A   


REGISTER BANK(S) USED: 0 


ASSEMBLY COMPLETE.  0 WARNING(S), 0 ERROR(S)
